Traceback (most recent call last):
  File "/workspace/srts_enhanced/benchmarks/runner.py", line 151, in _run_benchmark_config
    self._run_single_iteration(scheme, n, t, metrics, network_sim, is_warmup=True)
  File "/workspace/srts_enhanced/benchmarks/runner.py", line 331, in _run_single_iteration
    valid = scheme.verify(message, sig, pk_to_verify)
            ^^^^^^^^^^^^^^^^^^^^^^^^^^^^^^^^^^^^^^^^^
  File "/workspace/srts_enhanced/schemes/tbls_scheme.py", line 187, in verify
    left = self.curve.pairing(sigma, self.G1)
           ^^^^^^^^^^^^^^^^^^^^^^^^^^^^^^^^^^
  File "/workspace/srts_enhanced/curves/__init__.py", line 349, in pairing
    return pairing(P, Q)
           ^^^^^^^^^^^^^
  File "/usr/local/lib/python3.12/site-packages/py_ecc/optimized_bls12_381/optimized_pairing.py", line 226, in pairing
    if not is_on_curve(Q, b2):
           ^^^^^^^^^^^^^^^^^^
  File "/usr/local/lib/python3.12/site-packages/py_ecc/optimized_bls12_381/optimized_curve.py", line 74, in is_on_curve
    if is_inf(pt):
       ^^^^^^^^^^
  File "/usr/local/lib/python3.12/site-packages/py_ecc/optimized_bls12_381/optimized_curve.py", line 69, in is_inf
    return pt[-1] == pt[-1].__class__.zero()
           ~~^^^^
KeyError: -1
Traceback (most recent call last):
  File "/workspace/srts_enhanced/benchmarks/runner.py", line 151, in _run_benchmark_config
    self._run_single_iteration(scheme, n, t, metrics, network_sim, is_warmup=True)
  File "/workspace/srts_enhanced/benchmarks/runner.py", line 331, in _run_single_iteration
    valid = scheme.verify(message, sig, pk_to_verify)
            ^^^^^^^^^^^^^^^^^^^^^^^^^^^^^^^^^^^^^^^^^
  File "/workspace/srts_enhanced/schemes/tbls_scheme.py", line 187, in verify
    left = self.curve.pairing(sigma, self.G1)
           ^^^^^^^^^^^^^^^^^^^^^^^^^^^^^^^^^^
  File "/workspace/srts_enhanced/curves/__init__.py", line 349, in pairing
    return pairing(P, Q)
           ^^^^^^^^^^^^^
  File "/usr/local/lib/python3.12/site-packages/py_ecc/optimized_bls12_381/optimized_pairing.py", line 226, in pairing
    if not is_on_curve(Q, b2):
           ^^^^^^^^^^^^^^^^^^
  File "/usr/local/lib/python3.12/site-packages/py_ecc/optimized_bls12_381/optimized_curve.py", line 74, in is_on_curve
    if is_inf(pt):
       ^^^^^^^^^^
  File "/usr/local/lib/python3.12/site-packages/py_ecc/optimized_bls12_381/optimized_curve.py", line 69, in is_inf
    return pt[-1] == pt[-1].__class__.zero()
           ~~^^^^
KeyError: -1
Traceback (most recent call last):
  File "/workspace/srts_enhanced/benchmarks/runner.py", line 151, in _run_benchmark_config
    self._run_single_iteration(scheme, n, t, metrics, network_sim, is_warmup=True)
  File "/workspace/srts_enhanced/benchmarks/runner.py", line 331, in _run_single_iteration
    valid = scheme.verify(message, sig, pk_to_verify)
            ^^^^^^^^^^^^^^^^^^^^^^^^^^^^^^^^^^^^^^^^^
  File "/workspace/srts_enhanced/schemes/tbls_scheme.py", line 187, in verify
    left = self.curve.pairing(sigma, self.G1)
           ^^^^^^^^^^^^^^^^^^^^^^^^^^^^^^^^^^
  File "/workspace/srts_enhanced/curves/__init__.py", line 349, in pairing
    return pairing(P, Q)
           ^^^^^^^^^^^^^
  File "/usr/local/lib/python3.12/site-packages/py_ecc/optimized_bls12_381/optimized_pairing.py", line 226, in pairing
    if not is_on_curve(Q, b2):
           ^^^^^^^^^^^^^^^^^^
  File "/usr/local/lib/python3.12/site-packages/py_ecc/optimized_bls12_381/optimized_curve.py", line 74, in is_on_curve
    if is_inf(pt):
       ^^^^^^^^^^
  File "/usr/local/lib/python3.12/site-packages/py_ecc/optimized_bls12_381/optimized_curve.py", line 69, in is_inf
    return pt[-1] == pt[-1].__class__.zero()
           ~~^^^^
KeyError: -1

================================================================================
SRTS ENHANCED - BENCHMARK SUITE
================================================================================
Configuration:
  Schemes: ['srts', 'frost', 'musig2', 'tbls']
  Curves: ['secp256k1', 'bls12-381']
  Scale: n=3 to 10
  Iterations: 3
  Network: none
  Memory profiling: enabled
================================================================================

================================================================================
SRTS Enhanced - Comprehensive Benchmark Suite
================================================================================
Started at: 2026-04-21T20:17:53.099949
Schemes: ['srts', 'frost', 'musig2', 'tbls']
Curves: ['secp256k1', 'bls12-381']
Scale params: [(3, 2), (5, 3), (10, 6)]
Iterations: 3
Network mode: none
================================================================================

============================================================
Benchmarking: SRTS + secp256k1
============================================================
  Warming up (3 iterations)...
  Running benchmarks (3 iterations)...
    Iteration 1/3

✓ Completed: n=3, t=2
  Warming up (3 iterations)...
  Running benchmarks (3 iterations)...
    Iteration 1/3

✓ Completed: n=5, t=3
  Warming up (3 iterations)...
  Running benchmarks (3 iterations)...
    Iteration 1/3

✓ Completed: n=10, t=6

⊘ Skipping srts with bls12-381 (incompatible - Schnorr scheme on pairing curve)

============================================================
Benchmarking: FROST + secp256k1
============================================================
  Warming up (3 iterations)...
  Running benchmarks (3 iterations)...
    Iteration 1/3

✓ Completed: n=3, t=2
  Warming up (3 iterations)...
  Running benchmarks (3 iterations)...
    Iteration 1/3

✓ Completed: n=5, t=3
  Warming up (3 iterations)...
  Running benchmarks (3 iterations)...
    Iteration 1/3

✓ Completed: n=10, t=6

⊘ Skipping frost with bls12-381 (incompatible - Schnorr scheme on pairing curve)

============================================================
Benchmarking: MUSIG2 + secp256k1
============================================================
  Warming up (3 iterations)...
  Running benchmarks (3 iterations)...
    Iteration 1/3

✓ Completed: n=3, t=3
  Warming up (3 iterations)...
  Running benchmarks (3 iterations)...
    Iteration 1/3

✓ Completed: n=5, t=5
  Warming up (3 iterations)...
  Running benchmarks (3 iterations)...
    Iteration 1/3

✓ Completed: n=10, t=10

⊘ Skipping musig2 with bls12-381 (incompatible - Schnorr scheme on pairing curve)

⊘ Skipping tbls with secp256k1 (incompatible)

============================================================
Benchmarking: TBLS + bls12-381
============================================================
  Warming up (3 iterations)...
  ✗ Error running benchmark: -1
  Warming up (3 iterations)...
  ✗ Error running benchmark: -1
  Warming up (3 iterations)...
  ✗ Error running benchmark: -1

================================================================================
Benchmark completed in 33.02 seconds
Total configurations tested: 9
================================================================================

Generating reports in benchmark_results/...
  ✓ JSON: benchmark_results/benchmark_20260421_201826.json
  ✓ CSV: benchmark_results/benchmark_20260421_201826.csv
  ✓ Markdown: benchmark_results/benchmark_20260421_201826.md
  ✓ Summary: benchmark_results/summary_20260421_201826.txt

================================================================================
BENCHMARK COMPLETE
================================================================================

Results saved to:
  JSON      : benchmark_results/benchmark_20260421_201826.json
  CSV       : benchmark_results/benchmark_20260421_201826.csv
  MARKDOWN  : benchmark_results/benchmark_20260421_201826.md
  SUMMARY   : benchmark_results/summary_20260421_201826.txt

================================================================================
SRTS ENHANCED - BENCHMARK SUMMARY
================================================================================

Generated: 2026-04-21 20:18:26
Total configurations: 9

PERFORMANCE LEADERS:
----------------------------------------
Fastest KeyGen:  frost (secp256k1, n=3)
                 13.11 ms

Fastest Sign:    musig2 (secp256k1, n=3)
                 0.03 ms

Fastest Verify:  srts (secp256k1)
                 7.91 ms

Smallest Sig:    musig2 (secp256k1)
                 65 bytes

AVERAGE PERFORMANCE BY SCHEME:
----------------------------------------
frost     : KeyGen=  20.20ms, Sign=  18.63ms, Verify=  10.18ms
musig2    : KeyGen=  51.46ms, Sign=   0.04ms, Verify=  11.58ms
srts      : KeyGen=  21.73ms, Sign=  21.93ms, Verify=   9.01ms

================================================================================
